[2026-08-23T21:07:47.564Z] GET /todos -> 200 (9ms)
[2026-08-23T21:07:47.579Z] POST /todos -> 201 (6ms)
[2026-08-23T21:07:47.581Z] POST /todos -> 400 (1ms)
[2026-08-23T21:07:47.588Z] PATCH /todos/1 -> 400 (1ms)
[2026-08-23T21:07:47.594Z] GET /todos/999 -> 404 (1ms)
[2026-08-28T23:26:03.722Z] GET /todos -> 200 (15ms)
[2026-08-28T23:26:03.773Z] GET /favicon.ico -> 404 (2ms)
[2026-08-28T23:26:04.977Z] GET /todos -> 200 (1ms)
[2026-08-29T00:18:37.106Z] GET /todos -> 304 (6ms)
[2026-08-29T00:18:39.384Z] GET /todos -> 304 (1ms)
[2026-08-29T00:18:41.032Z] GET /todos -> 304 (1ms)
[2026-08-29T00:29:19.728Z] GET /todo -> 404 (2ms)
[2026-08-29T00:29:22.389Z] GET /todo -> 404 (1ms)
[2026-08-29T01:06:34.740Z] GET /todos?completed=false -> 200 (13ms)
[2026-08-29T01:11:37.267Z] GET /todos?completed=true -> 200 (4ms)
[2026-08-29T01:11:53.115Z] GET /todos?completed=true -> 304 (1ms)
[2026-08-30T01:11:24.467Z] GET /todos -> 200 (305ms)
[2026-08-30T01:14:43.956Z] POST /todos -> 201 (187ms)
[2026-08-30T01:17:15.498Z] POST /todos -> 201 (497ms)
[2026-08-30T01:18:34.889Z] POST /todos -> 201 (162ms)
[2026-08-30T01:19:36.937Z] GET /todos -> 200 (422ms)
[2026-08-30T01:36:35.154Z] GET /todos -> 200 (285ms)
[2026-08-30T01:37:49.849Z] GET /todos?completed=false -> 200 (190ms)
[2026-08-30T01:38:24.255Z] GET /todos?completed=true -> 200 (195ms)
[2026-08-30T01:54:03.449Z] POST /todos -> 201 (423ms)
[2026-08-30T01:54:32.571Z] POST /todos -> 201 (234ms)
[2026-08-30T01:54:49.214Z] POST /todos -> 201 (270ms)
[2026-08-30T01:55:15.458Z] GET /todos -> 200 (483ms)
[2026-08-30T02:05:04.597Z] GET /todos -> 200 (293ms)
